11:33:29 **** Incremental Build of configuration Debug for project cv2 ****
make -j4 all 
arm-none-eabi-gcc "../Core/Src/main.c" -mcpu=cortex-m0 -std=gnu11 -g3 -DDEBUG -DUSE_FULL_LL_DRIVER -DHSE_VALUE=8000000 -DHSE_STARTUP_TIMEOUT=100 -DLSE_STARTUP_TIMEOUT=5000 -DLSE_VALUE=32768 -DHSI_VALUE=8000000 -DLSI_VALUE=40000 -DVDD_VALUE=3300 -DPREFETCH_ENABLE=1 -DINSTRUCTION_CACHE_ENABLE=0 -DDATA_CACHE_ENABLE=0 -DSTM32F030x8 -c -I../Core/Inc -I../Drivers/STM32F0xx_HAL_Driver/Inc -I../Drivers/CMSIS/Device/ST/STM32F0xx/Include -I../Drivers/CMSIS/Include -O0 -ffunction-sections -fdata-sections -Wall -fstack-usage -fcyclomatic-complexity -MMD -MP -MF"Core/Src/main.d" -MT"Core/Src/main.o" --specs=nano.specs -mfloat-abi=soft -mthumb -o "Core/Src/main.o"
../Core/Src/main.c: In function 'main':
../Core/Src/main.c:102:11: warning: implicit declaration of function 'blikac' [-Wimplicit-function-declaration]
  102 |           blikac();
      |           ^~~~~~
../Core/Src/main.c:103:11: warning: implicit declaration of function 'tlacitko' [-Wimplicit-function-declaration]
  103 |           tlacitko();
      |           ^~~~~~~~
../Core/Src/main.c: At top level:
../Core/Src/main.c:294:6: warning: conflicting types for 'blikac'; have 'void(void)'
  294 | void blikac(void)
      |      ^~~~~~
../Core/Src/main.c:102:11: note: previous implicit declaration of 'blikac' with type 'void(void)'
  102 |           blikac();
      |           ^~~~~~
../Core/Src/main.c:304:6: warning: conflicting types for 'tlacitko'; have 'void(void)'
  304 | void tlacitko(void)
      |      ^~~~~~~~
../Core/Src/main.c:103:11: note: previous implicit declaration of 'tlacitko' with type 'void(void)'
  103 |           tlacitko();
      |           ^~~~~~~~
arm-none-eabi-gcc -o "cv2.elf" @"objects.list"   -mcpu=cortex-m0 -T"C:\Temp\xpecon00\MPC-MKS\cv2\cv2\STM32F030R8TX_FLASH.ld" --specs=nosys.specs -Wl,-Map="cv2.map" -Wl,--gc-sections -static --specs=nano.specs -mfloat-abi=soft -mthumb -Wl,--start-group -lc -lm -Wl,--end-group
Finished building target: cv2.elf
 
arm-none-eabi-size   cv2.elf 
arm-none-eabi-objdump -h -S  cv2.elf  > "cv2.list"
   text	   data	    bss	    dec	    hex	filename
   5376	     12	   1588	   6976	   1b40	cv2.elf
Finished building: default.size.stdout
 
Finished building: cv2.list
 

11:33:30 Build Finished. 0 errors, 4 warnings. (took 663ms)

