11:50:19 **** Incremental Build of configuration Debug for project cv7 ****
make -j4 all 
arm-none-eabi-gcc "../Core/Src/main.c" -mcpu=cortex-m0 -std=gnu11 -g3 -DDEBUG -DUSE_HAL_DRIVER -DSTM32F030x8 -c -I../Core/Inc -I../Drivers/STM32F0xx_HAL_Driver/Inc -I../Drivers/STM32F0xx_HAL_Driver/Inc/Legacy -I../Middlewares/Third_Party/FreeRTOS/Source/include -I../Middlewares/Third_Party/FreeRTOS/Source/CMSIS_RTOS -I../Middlewares/Third_Party/FreeRTOS/Source/portable/GCC/ARM_CM0 -I../Drivers/CMSIS/Device/ST/STM32F0xx/Include -I../Drivers/CMSIS/Include -O0 -ffunction-sections -fdata-sections -Wall -fstack-usage -fcyclomatic-complexity -MMD -MP -MF"Core/Src/main.d" -MT"Core/Src/main.o" --specs=nano.specs -mfloat-abi=soft -mthumb -o "Core/Src/main.o"
../Core/Src/main.c:83:30: warning: initialization of 'int32_t (*)(void *, uint8_t,  const uint8_t *, uint16_t)' {aka 'long int (*)(void *, unsigned char,  const unsigned char *, short unsigned int)'} from incompatible pointer type 'int32_t (*)(void *, uint8_t,  uint8_t *, uint16_t)' {aka 'long int (*)(void *, unsigned char,  unsigned char *, short unsigned int)'} [-Wincompatible-pointer-types]
   83 |                 .write_reg = platform_write,
      |                              ^~~~~~~~~~~~~~
../Core/Src/main.c:83:30: note: (near initialization for 'lis2dw12.write_reg')
arm-none-eabi-gcc -o "cv7.elf" @"objects.list"   -mcpu=cortex-m0 -T"C:\Temp\xpecon00\MPC-MKS\cv7\cv7\STM32F030R8TX_FLASH.ld" --specs=nosys.specs -Wl,-Map="cv7.map" -Wl,--gc-sections -static --specs=nano.specs -mfloat-abi=soft -mthumb -Wl,--start-group -lc -lm -Wl,--end-group
Finished building target: cv7.elf
 
arm-none-eabi-size   cv7.elf 
arm-none-eabi-objdump -h -S  cv7.elf  > "cv7.list"
   text	   data	    bss	    dec	    hex	filename
  26028	    132	   6268	  32428	   7eac	cv7.elf
Finished building: default.size.stdout
 
Finished building: cv7.list
 

11:50:20 Build Finished. 0 errors, 1 warnings. (took 1s.72ms)

